// Jest Snapshot v1, https://goo.gl/fbAQLP

exports[`Table render 1`] = `
"<table class=\\"\\">
  <thead>
    <tr></tr>
  </thead>
  <tbody style=\\"max-height: -1px;\\"></tbody>
  <div class=\\"pagination center\\"></div>
</table>"
`;
